// Jest Snapshot v1, https://goo.gl/fbAQLP

exports[`render duplicated line 1`] = `
<td
  className="source-meta source-line-duplications-extra source-line-duplicated"
  data-index={1}
  data-line-number={3}
  onClick={[Function]}
  role="button"
  tabIndex={0}
>
  <Tooltip
    overlay="source_viewer.tooltip.duplicated_block"
    placement="right"
  >
    <div
      className="source-line-bar"
    />
  </Tooltip>
  <BubblePopupHelper
    isOpen={false}
    position="bottomright"
    togglePopup={[Function]}
  />
</td>
`;

exports[`render not duplicated line 1`] = `
<td
  className="source-meta source-line-duplications-extra"
  data-index={1}
  data-line-number={3}
>
  <div
    className="source-line-bar"
  />
</td>
`;
